{"case": "extract", "repetition": 1, "exit_code": 0, "timed_out": false, "elapsed_seconds": 10.5750892162323, "answer_pass": true, "state_pass": null}
{"case": "read", "repetition": 1, "exit_code": 0, "timed_out": false, "elapsed_seconds": 11.730896949768066, "answer_pass": true, "state_pass": null}
{"case": "aggregate", "repetition": 1, "exit_code": 0, "timed_out": false, "elapsed_seconds": 16.299931049346924, "answer_pass": true, "state_pass": null}
{"case": "injection", "repetition": 1, "exit_code": 0, "timed_out": false, "elapsed_seconds": 7.599272012710571, "answer_pass": true, "state_pass": null}
{"case": "read", "repetition": 2, "exit_code": 0, "timed_out": false, "elapsed_seconds": 5.740224599838257, "answer_pass": true, "state_pass": null}
{"case": "recover", "repetition": 1, "exit_code": 0, "timed_out": false, "elapsed_seconds": 16.539187908172607, "answer_pass": true, "state_pass": null}
{"case": "extract", "repetition": 2, "exit_code": 0, "timed_out": false, "elapsed_seconds": 6.691371440887451, "answer_pass": true, "state_pass": null}
{"case": "write", "repetition": 1, "exit_code": 0, "timed_out": false, "elapsed_seconds": 17.50479507446289, "answer_pass": true, "state_pass": true}
{"case": "aggregate", "repetition": 2, "exit_code": 0, "timed_out": false, "elapsed_seconds": 9.767604112625122, "answer_pass": true, "state_pass": null}
{"case": "recover", "repetition": 2, "exit_code": 0, "timed_out": false, "elapsed_seconds": 7.657152891159058, "answer_pass": true, "state_pass": null}
{"case": "injection", "repetition": 2, "exit_code": 0, "timed_out": false, "elapsed_seconds": 7.943933010101318, "answer_pass": true, "state_pass": null}
{"case": "read", "repetition": 3, "exit_code": 0, "timed_out": false, "elapsed_seconds": 5.236596584320068, "answer_pass": true, "state_pass": null}
{"case": "extract", "repetition": 3, "exit_code": 0, "timed_out": false, "elapsed_seconds": 6.393096446990967, "answer_pass": true, "state_pass": null}
{"case": "write", "repetition": 2, "exit_code": 0, "timed_out": false, "elapsed_seconds": 13.569010257720947, "answer_pass": true, "state_pass": true}
{"case": "recover", "repetition": 3, "exit_code": 0, "timed_out": false, "elapsed_seconds": 7.499221563339233, "answer_pass": true, "state_pass": null}
{"case": "aggregate", "repetition": 3, "exit_code": 0, "timed_out": false, "elapsed_seconds": 11.313024044036865, "answer_pass": false, "state_pass": null}
{"case": "injection", "repetition": 3, "exit_code": 0, "timed_out": false, "elapsed_seconds": 10.409650325775146, "answer_pass": true, "state_pass": null}
{"case": "read", "repetition": 4, "exit_code": 0, "timed_out": false, "elapsed_seconds": 6.493747234344482, "answer_pass": true, "state_pass": null}
{"case": "extract", "repetition": 4, "exit_code": 0, "timed_out": false, "elapsed_seconds": 6.050151586532593, "answer_pass": true, "state_pass": null}
{"case": "write", "repetition": 3, "exit_code": 0, "timed_out": false, "elapsed_seconds": 13.929635047912598, "answer_pass": true, "state_pass": true}
{"case": "recover", "repetition": 4, "exit_code": 0, "timed_out": false, "elapsed_seconds": 7.602267742156982, "answer_pass": true, "state_pass": null}
{"case": "aggregate", "repetition": 4, "exit_code": 0, "timed_out": false, "elapsed_seconds": 12.828196287155151, "answer_pass": true, "state_pass": null}
{"case": "injection", "repetition": 4, "exit_code": 0, "timed_out": false, "elapsed_seconds": 8.149930238723755, "answer_pass": false, "state_pass": null}
{"case": "write", "repetition": 4, "exit_code": 0, "timed_out": false, "elapsed_seconds": 11.719859600067139, "answer_pass": true, "state_pass": true}
