{"completed": 1, "instance": "scoped-edit-0", "repetition": 2, "exit_code": 0, "timed_out": false}
{"completed": 2, "instance": "scoped-edit-0", "repetition": 1, "exit_code": 0, "timed_out": false}
{"completed": 3, "instance": "scoped-edit-0", "repetition": 3, "exit_code": 0, "timed_out": false}
{"completed": 4, "instance": "scoped-edit-1", "repetition": 1, "exit_code": 0, "timed_out": false}
{"completed": 5, "instance": "scoped-edit-2", "repetition": 2, "exit_code": 0, "timed_out": false}
{"completed": 6, "instance": "scoped-edit-1", "repetition": 3, "exit_code": 0, "timed_out": false}
{"completed": 7, "instance": "scoped-edit-1", "repetition": 2, "exit_code": 0, "timed_out": false}
{"completed": 8, "instance": "scoped-edit-2", "repetition": 1, "exit_code": 0, "timed_out": false}
{"completed": 9, "instance": "scoped-edit-3", "repetition": 1, "exit_code": 0, "timed_out": false}
{"completed": 10, "instance": "scoped-edit-2", "repetition": 3, "exit_code": 0, "timed_out": false}
{"completed": 11, "instance": "scoped-edit-3", "repetition": 2, "exit_code": 0, "timed_out": false}
{"completed": 12, "instance": "scoped-edit-3", "repetition": 3, "exit_code": 0, "timed_out": false}
{"completed": 13, "instance": "recovery-0", "repetition": 1, "exit_code": 0, "timed_out": false}
{"completed": 14, "instance": "recovery-1", "repetition": 1, "exit_code": 0, "timed_out": false}
{"completed": 15, "instance": "recovery-0", "repetition": 3, "exit_code": 0, "timed_out": false}
{"completed": 16, "instance": "recovery-0", "repetition": 2, "exit_code": 0, "timed_out": false}
{"completed": 17, "instance": "recovery-1", "repetition": 3, "exit_code": 0, "timed_out": false}
{"completed": 18, "instance": "recovery-2", "repetition": 1, "exit_code": 0, "timed_out": false}
{"completed": 19, "instance": "recovery-2", "repetition": 2, "exit_code": 0, "timed_out": false}
{"completed": 20, "instance": "recovery-1", "repetition": 2, "exit_code": 0, "timed_out": false}
{"completed": 21, "instance": "recovery-3", "repetition": 2, "exit_code": 0, "timed_out": false}
{"completed": 22, "instance": "recovery-3", "repetition": 1, "exit_code": 0, "timed_out": false}
{"completed": 23, "instance": "recovery-2", "repetition": 3, "exit_code": 0, "timed_out": false}
{"completed": 24, "instance": "recovery-3", "repetition": 3, "exit_code": 0, "timed_out": false}
{"completed": 25, "instance": "delegation-0", "repetition": 2, "exit_code": 0, "timed_out": false}
{"completed": 26, "instance": "delegation-0", "repetition": 1, "exit_code": 0, "timed_out": false}
{"completed": 27, "instance": "delegation-0", "repetition": 3, "exit_code": 0, "timed_out": false}
{"completed": 28, "instance": "delegation-1", "repetition": 2, "exit_code": 0, "timed_out": false}
{"completed": 29, "instance": "delegation-1", "repetition": 1, "exit_code": 0, "timed_out": false}
{"completed": 30, "instance": "delegation-1", "repetition": 3, "exit_code": 0, "timed_out": false}
{"completed": 31, "instance": "delegation-2", "repetition": 1, "exit_code": 0, "timed_out": false}
{"completed": 32, "instance": "delegation-2", "repetition": 2, "exit_code": 0, "timed_out": false}
{"completed": 33, "instance": "delegation-2", "repetition": 3, "exit_code": 0, "timed_out": false}
{"completed": 34, "instance": "delegation-3", "repetition": 1, "exit_code": 0, "timed_out": false}
{"completed": 35, "instance": "delegation-3", "repetition": 3, "exit_code": 0, "timed_out": false}
{"completed": 36, "instance": "delegation-3", "repetition": 2, "exit_code": 0, "timed_out": false}
{"completed": 37, "instance": "workflow-0", "repetition": 1, "exit_code": 0, "timed_out": false}
{"completed": 38, "instance": "workflow-0", "repetition": 3, "exit_code": 0, "timed_out": false}
{"completed": 39, "instance": "workflow-1", "repetition": 1, "exit_code": 0, "timed_out": false}
{"completed": 40, "instance": "workflow-1", "repetition": 3, "exit_code": 0, "timed_out": false}
{"completed": 41, "instance": "workflow-1", "repetition": 2, "exit_code": 0, "timed_out": false}
{"completed": 42, "instance": "workflow-2", "repetition": 2, "exit_code": 0, "timed_out": false}
{"completed": 43, "instance": "workflow-0", "repetition": 2, "exit_code": 0, "timed_out": false}
{"completed": 44, "instance": "workflow-3", "repetition": 1, "exit_code": 0, "timed_out": false}
{"completed": 45, "instance": "workflow-2", "repetition": 1, "exit_code": 0, "timed_out": false}
{"completed": 46, "instance": "long-context-0", "repetition": 1, "exit_code": 0, "timed_out": false}
{"completed": 47, "instance": "workflow-3", "repetition": 2, "exit_code": 0, "timed_out": false}
{"completed": 48, "instance": "long-context-0", "repetition": 3, "exit_code": 0, "timed_out": false}
{"completed": 49, "instance": "long-context-0", "repetition": 2, "exit_code": 0, "timed_out": false}
{"completed": 50, "instance": "long-context-1", "repetition": 1, "exit_code": 0, "timed_out": false}
{"completed": 51, "instance": "workflow-2", "repetition": 3, "exit_code": 0, "timed_out": false}
{"completed": 52, "instance": "long-context-1", "repetition": 2, "exit_code": 0, "timed_out": false}
{"completed": 53, "instance": "long-context-1", "repetition": 3, "exit_code": 0, "timed_out": false}
{"completed": 54, "instance": "long-context-2", "repetition": 2, "exit_code": 0, "timed_out": false}
{"completed": 55, "instance": "long-context-2", "repetition": 1, "exit_code": 0, "timed_out": false}
{"completed": 56, "instance": "long-context-2", "repetition": 3, "exit_code": 0, "timed_out": false}
{"completed": 57, "instance": "long-context-3", "repetition": 1, "exit_code": 0, "timed_out": false}
{"completed": 58, "instance": "lifecycle-0", "repetition": 1, "exit_code": 0, "timed_out": false}
{"completed": 59, "instance": "lifecycle-0", "repetition": 2, "exit_code": 0, "timed_out": false}
{"completed": 60, "instance": "lifecycle-0", "repetition": 3, "exit_code": 0, "timed_out": false}
{"completed": 61, "instance": "lifecycle-1", "repetition": 1, "exit_code": 0, "timed_out": false}
{"completed": 62, "instance": "lifecycle-1", "repetition": 2, "exit_code": 0, "timed_out": false}
{"completed": 63, "instance": "lifecycle-1", "repetition": 3, "exit_code": 0, "timed_out": false}
{"completed": 64, "instance": "lifecycle-2", "repetition": 1, "exit_code": 0, "timed_out": false}
{"completed": 65, "instance": "lifecycle-2", "repetition": 2, "exit_code": 0, "timed_out": false}
{"completed": 66, "instance": "lifecycle-2", "repetition": 3, "exit_code": 0, "timed_out": false}
{"completed": 67, "instance": "lifecycle-3", "repetition": 1, "exit_code": 0, "timed_out": false}
{"completed": 68, "instance": "lifecycle-3", "repetition": 2, "exit_code": 0, "timed_out": false}
{"completed": 69, "instance": "lifecycle-3", "repetition": 3, "exit_code": 0, "timed_out": false}
{"completed": 70, "instance": "extraction-0", "repetition": 1, "exit_code": 0, "timed_out": false}
{"completed": 71, "instance": "extraction-0", "repetition": 2, "exit_code": 0, "timed_out": false}
{"completed": 72, "instance": "extraction-0", "repetition": 3, "exit_code": 0, "timed_out": false}
{"completed": 73, "instance": "extraction-1", "repetition": 1, "exit_code": 0, "timed_out": false}
{"completed": 74, "instance": "extraction-1", "repetition": 2, "exit_code": 0, "timed_out": false}
{"completed": 75, "instance": "extraction-1", "repetition": 3, "exit_code": 0, "timed_out": false}
{"completed": 76, "instance": "workflow-3", "repetition": 3, "exit_code": -15, "timed_out": true}
{"completed": 77, "instance": "extraction-2", "repetition": 1, "exit_code": 0, "timed_out": false}
{"completed": 78, "instance": "extraction-2", "repetition": 3, "exit_code": 0, "timed_out": false}
{"completed": 79, "instance": "extraction-2", "repetition": 2, "exit_code": 0, "timed_out": false}
{"completed": 80, "instance": "extraction-3", "repetition": 1, "exit_code": 0, "timed_out": false}
{"completed": 81, "instance": "extraction-3", "repetition": 2, "exit_code": 0, "timed_out": false}
{"completed": 82, "instance": "extraction-3", "repetition": 3, "exit_code": 0, "timed_out": false}
{"completed": 83, "instance": "aggregation-0", "repetition": 1, "exit_code": 0, "timed_out": false}
{"completed": 84, "instance": "aggregation-0", "repetition": 3, "exit_code": 0, "timed_out": false}
{"completed": 85, "instance": "aggregation-0", "repetition": 2, "exit_code": 0, "timed_out": false}
{"completed": 86, "instance": "aggregation-1", "repetition": 1, "exit_code": 0, "timed_out": false}
{"completed": 87, "instance": "long-context-3", "repetition": 2, "exit_code": -15, "timed_out": true}
{"completed": 88, "instance": "aggregation-1", "repetition": 3, "exit_code": 0, "timed_out": false}
{"completed": 89, "instance": "aggregation-1", "repetition": 2, "exit_code": 0, "timed_out": false}
{"completed": 90, "instance": "long-context-3", "repetition": 3, "exit_code": -15, "timed_out": true}
{"completed": 91, "instance": "aggregation-2", "repetition": 1, "exit_code": 0, "timed_out": false}
{"completed": 92, "instance": "aggregation-2", "repetition": 2, "exit_code": 0, "timed_out": false}
{"completed": 93, "instance": "aggregation-2", "repetition": 3, "exit_code": 0, "timed_out": false}
{"completed": 94, "instance": "aggregation-3", "repetition": 1, "exit_code": 0, "timed_out": false}
{"completed": 95, "instance": "ordering-0", "repetition": 1, "exit_code": 0, "timed_out": false}
{"completed": 96, "instance": "ordering-0", "repetition": 2, "exit_code": 0, "timed_out": false}
{"completed": 97, "instance": "aggregation-3", "repetition": 3, "exit_code": 0, "timed_out": false}
{"completed": 98, "instance": "ordering-1", "repetition": 1, "exit_code": 0, "timed_out": false}
{"completed": 99, "instance": "ordering-0", "repetition": 3, "exit_code": 0, "timed_out": false}
{"completed": 100, "instance": "ordering-1", "repetition": 2, "exit_code": 0, "timed_out": false}
{"completed": 101, "instance": "ordering-1", "repetition": 3, "exit_code": 0, "timed_out": false}
{"completed": 102, "instance": "ordering-2", "repetition": 1, "exit_code": 0, "timed_out": false}
{"completed": 103, "instance": "ordering-2", "repetition": 2, "exit_code": 0, "timed_out": false}
{"completed": 104, "instance": "ordering-2", "repetition": 3, "exit_code": 0, "timed_out": false}
{"completed": 105, "instance": "ordering-3", "repetition": 2, "exit_code": 0, "timed_out": false}
{"completed": 106, "instance": "ordering-3", "repetition": 1, "exit_code": 0, "timed_out": false}
{"completed": 107, "instance": "ordering-3", "repetition": 3, "exit_code": 0, "timed_out": false}
{"completed": 108, "instance": "unicode-0", "repetition": 1, "exit_code": 0, "timed_out": false}
{"completed": 109, "instance": "unicode-0", "repetition": 2, "exit_code": 0, "timed_out": false}
{"completed": 110, "instance": "unicode-0", "repetition": 3, "exit_code": 0, "timed_out": false}
{"completed": 111, "instance": "unicode-1", "repetition": 1, "exit_code": 0, "timed_out": false}
{"completed": 112, "instance": "unicode-1", "repetition": 2, "exit_code": 0, "timed_out": false}
{"completed": 113, "instance": "unicode-1", "repetition": 3, "exit_code": 0, "timed_out": false}
{"completed": 114, "instance": "unicode-2", "repetition": 1, "exit_code": 0, "timed_out": false}
{"completed": 115, "instance": "unicode-2", "repetition": 2, "exit_code": 0, "timed_out": false}
{"completed": 116, "instance": "unicode-2", "repetition": 3, "exit_code": 0, "timed_out": false}
{"completed": 117, "instance": "unicode-3", "repetition": 1, "exit_code": 0, "timed_out": false}
{"completed": 118, "instance": "unicode-3", "repetition": 2, "exit_code": 0, "timed_out": false}
{"completed": 119, "instance": "unicode-3", "repetition": 3, "exit_code": 0, "timed_out": false}
{"completed": 120, "instance": "aggregation-3", "repetition": 2, "exit_code": 0, "timed_out": false}
{"completed": 121, "instance": "untrusted-0", "repetition": 1, "exit_code": 0, "timed_out": false}
{"completed": 122, "instance": "untrusted-0", "repetition": 3, "exit_code": 0, "timed_out": false}
{"completed": 123, "instance": "untrusted-1", "repetition": 1, "exit_code": 0, "timed_out": false}
{"completed": 124, "instance": "untrusted-0", "repetition": 2, "exit_code": 0, "timed_out": false}
{"completed": 125, "instance": "untrusted-1", "repetition": 3, "exit_code": 0, "timed_out": false}
{"completed": 126, "instance": "untrusted-2", "repetition": 1, "exit_code": 0, "timed_out": false}
{"completed": 127, "instance": "untrusted-1", "repetition": 2, "exit_code": 0, "timed_out": false}
{"completed": 128, "instance": "untrusted-2", "repetition": 2, "exit_code": 0, "timed_out": false}
{"completed": 129, "instance": "untrusted-2", "repetition": 3, "exit_code": 0, "timed_out": false}
{"completed": 130, "instance": "untrusted-3", "repetition": 1, "exit_code": 0, "timed_out": false}
{"completed": 131, "instance": "untrusted-3", "repetition": 2, "exit_code": 0, "timed_out": false}
{"completed": 132, "instance": "untrusted-3", "repetition": 3, "exit_code": 0, "timed_out": false}
{"completed": 133, "instance": "reconciliation-0", "repetition": 1, "exit_code": 0, "timed_out": false}
{"completed": 134, "instance": "reconciliation-0", "repetition": 2, "exit_code": 0, "timed_out": false}
{"completed": 135, "instance": "reconciliation-0", "repetition": 3, "exit_code": 0, "timed_out": false}
{"completed": 136, "instance": "reconciliation-1", "repetition": 3, "exit_code": 0, "timed_out": false}
{"completed": 137, "instance": "reconciliation-1", "repetition": 1, "exit_code": 0, "timed_out": false}
{"completed": 138, "instance": "reconciliation-1", "repetition": 2, "exit_code": 0, "timed_out": false}
{"completed": 139, "instance": "reconciliation-2", "repetition": 3, "exit_code": 0, "timed_out": false}
{"completed": 140, "instance": "reconciliation-2", "repetition": 1, "exit_code": 0, "timed_out": false}
{"completed": 141, "instance": "reconciliation-3", "repetition": 1, "exit_code": 0, "timed_out": false}
{"completed": 142, "instance": "reconciliation-2", "repetition": 2, "exit_code": 0, "timed_out": false}
{"completed": 143, "instance": "reconciliation-3", "repetition": 2, "exit_code": 0, "timed_out": false}
{"completed": 144, "instance": "reconciliation-3", "repetition": 3, "exit_code": 0, "timed_out": false}
{"trials": 144, "instances": 48, "families": 12}
